<testsuites name="results">
  <testsuite name="all" package="all">
    <property name="random_seed" value="1783986627" />
    <testcase name="test_reset_value" classname="test_pc" file="/Users/kieranbrousseau/NORTH-RISC-V-Core/sim/cocotb/test_pc.py" lineno="76" time="0.00021505355834960938" sim_time_ns="20.001" ratio_time="93004.7386962306" />
    <testcase name="test_sequential_increment" classname="test_pc" file="/Users/kieranbrousseau/NORTH-RISC-V-Core/sim/cocotb/test_pc.py" lineno="90" time="0.00018095970153808594" sim_time_ns="80.001" ratio_time="442092.9042213439" />
    <testcase name="test_stall_holds_pc" classname="test_pc" file="/Users/kieranbrousseau/NORTH-RISC-V-Core/sim/cocotb/test_pc.py" lineno="115" time="0.00012421607971191406" sim_time_ns="60.00099999999999" ratio_time="483037.30192706326" />
    <testcase name="test_arbitrary_redirect" classname="test_pc" file="/Users/kieranbrousseau/NORTH-RISC-V-Core/sim/cocotb/test_pc.py" lineno="141" time="8.225440979003906e-05" sim_time_ns="40.001000000000005" ratio_time="486308.2733449276" />
  </testsuite>
</testsuites>